mode: set
app/db.go:36.109,38.2 1 0
app/db.go:40.110,42.2 1 0
app/db.go:44.152,46.2 1 0
app/db.go:48.131,50.2 1 0
app/db.go:58.43,59.48 1 1
app/db.go:59.48,61.3 1 0
app/db.go:63.2,63.44 1 1
app/db.go:63.44,65.3 1 1
app/db.go:67.2,68.16 2 1
app/db.go:68.16,70.3 1 0
app/db.go:71.2,72.16 2 1
app/db.go:72.16,74.3 1 0
app/db.go:75.2,76.16 2 1
app/db.go:76.16,78.3 1 0
app/db.go:79.2,80.16 2 1
app/db.go:80.16,82.3 1 0
app/db.go:84.2,84.16 1 1
app/db.go:84.16,86.3 1 0
app/db.go:88.2,89.34 2 1
app/db.go:89.34,91.3 1 1
app/db.go:93.2,94.30 2 1
app/db.go:94.30,96.3 1 1
app/db.go:96.8,98.3 1 0
app/db.go:100.2,102.16 3 1
app/db.go:102.16,104.3 1 0
app/db.go:107.2,109.42 3 1
app/db.go:109.42,111.3 1 1
app/db.go:112.2,115.56 2 0
app/db.go:115.56,117.3 1 0
app/db.go:119.2,119.12 1 0
app/db.go:122.37,124.16 2 1
app/db.go:124.16,125.25 1 0
app/db.go:125.25,127.4 1 0
app/db.go:128.3,128.13 1 0
app/db.go:130.2,133.21 3 1
app/db.go:133.21,135.49 2 1
app/db.go:135.49,136.12 1 0
app/db.go:138.3,139.22 2 1
app/db.go:139.22,140.12 1 0
app/db.go:142.3,144.16 3 1
app/db.go:144.16,145.12 1 0
app/db.go:147.3,147.46 1 1
app/db.go:147.46,149.4 1 1
app/db.go:152.2,152.22 1 1
app/db.go:157.60,162.16 3 1
app/db.go:162.16,164.3 1 0
app/db.go:167.2,167.35 1 1
app/db.go:167.35,168.29 1 1
app/db.go:168.29,171.4 2 1
app/db.go:175.2,176.16 2 1
app/db.go:176.16,178.3 1 0
app/db.go:180.2,181.12 2 1
app/handlers.go:23.64,27.2 3 1
app/handlers.go:30.94,32.24 2 1
app/handlers.go:32.24,34.3 1 1
app/handlers.go:35.2,35.38 1 1
app/handlers.go:35.38,38.3 2 1
app/handlers.go:39.2,40.81 2 1
app/handlers.go:44.60,46.13 2 1
app/handlers.go:46.13,49.3 2 1
app/handlers.go:50.2,52.16 3 1
app/handlers.go:52.16,55.3 2 0
app/handlers.go:56.2,75.51 4 1
app/handlers.go:75.51,78.3 2 0
app/handlers.go:79.2,80.33 2 1
app/handlers.go:80.33,82.31 2 1
app/handlers.go:82.31,84.4 1 1
app/handlers.go:85.3,86.34 2 1
app/handlers.go:86.34,88.4 1 1
app/handlers.go:89.3,96.5 1 1
app/handlers.go:98.2,98.34 1 1
app/handlers.go:101.64,104.20 2 1
app/handlers.go:104.20,107.3 2 1
app/handlers.go:108.2,111.16 4 1
app/handlers.go:111.16,114.3 2 0
app/handlers.go:115.2,118.51 4 1
app/handlers.go:118.51,121.3 2 0
app/handlers.go:122.2,122.34 1 1
app/handlers.go:125.62,126.32 1 1
app/handlers.go:126.32,129.3 2 1
app/handlers.go:131.2,131.19 1 1
app/handlers.go:131.19,134.3 2 1
app/handlers.go:136.2,138.46 3 1
app/handlers.go:138.46,141.3 2 0
app/handlers.go:142.2,142.64 1 1
app/handlers.go:156.48,158.2 1 0
app/handlers.go:160.61,161.18 1 1
app/handlers.go:162.22,165.19 3 1
app/handlers.go:165.19,167.4 1 1
app/handlers.go:168.3,171.17 4 1
app/handlers.go:171.17,174.4 2 1
app/handlers.go:175.3,177.21 3 1
app/handlers.go:177.21,181.4 3 1
app/handlers.go:182.3,183.9 2 1
app/handlers.go:184.23,192.66 2 1
app/handlers.go:192.66,195.4 2 1
app/handlers.go:196.3,196.49 1 1
app/handlers.go:196.49,199.4 2 1
app/handlers.go:201.3,205.17 5 1
app/handlers.go:205.17,208.4 2 1
app/handlers.go:209.3,209.14 1 1
app/handlers.go:209.14,212.4 2 1
app/handlers.go:213.3,223.17 4 1
app/handlers.go:223.17,226.4 2 0
app/handlers.go:227.3,229.9 3 1
app/handlers.go:230.10,232.9 2 1
app/handlers.go:236.65,239.62 2 1
app/handlers.go:239.62,242.3 2 1
app/handlers.go:243.2,245.16 3 1
app/handlers.go:245.16,248.3 2 1
app/handlers.go:249.2,253.18 4 1
app/handlers.go:254.22,260.66 2 1
app/handlers.go:260.66,263.4 2 1
app/handlers.go:264.3,266.34 3 1
app/handlers.go:266.34,268.4 1 1
app/handlers.go:269.3,269.35 1 1
app/handlers.go:269.35,270.65 1 1
app/handlers.go:270.65,273.5 2 1
app/handlers.go:274.4,274.50 1 1
app/handlers.go:276.3,276.28 1 1
app/handlers.go:276.28,277.39 1 1
app/handlers.go:277.39,280.5 2 1
app/handlers.go:281.4,281.35 1 1
app/handlers.go:283.3,283.20 1 1
app/handlers.go:283.20,286.4 2 1
app/handlers.go:287.3,288.61 2 1
app/handlers.go:288.61,291.4 2 1
app/handlers.go:292.3,293.73 2 1
app/handlers.go:293.73,296.4 2 1
app/handlers.go:297.3,298.9 2 1
app/handlers.go:299.25,300.67 1 1
app/handlers.go:300.67,303.4 2 1
app/handlers.go:304.3,306.9 3 1
app/handlers.go:307.10,309.9 2 0
app/handlers.go:313.66,314.32 1 1
app/handlers.go:314.32,317.3 2 1
app/handlers.go:318.2,322.16 5 1
app/handlers.go:322.16,325.3 2 0
app/handlers.go:326.2,331.20 6 1
app/handlers.go:331.20,335.21 4 1
app/handlers.go:335.21,336.37 1 1
app/handlers.go:336.37,338.5 1 1
app/handlers.go:340.3,340.29 1 1
app/handlers.go:340.29,343.4 2 1
app/handlers.go:345.2,346.16 2 1
app/handlers.go:346.16,348.3 1 1
app/handlers.go:349.2,353.4 1 1
app/handlers.go:357.25,360.2 2 1
app/main.go:10.13,15.39 3 0
app/main.go:15.39,17.3 1 0
app/main.go:19.2,38.76 10 0
app/main.go:38.76,40.3 1 0
app/main.go:43.56,44.71 1 1
app/main.go:44.71,47.3 2 1
app/validation.go:12.41,14.2 1 1
app/validation.go:17.44,19.2 1 1
